
> videoaudio-remover@0.0.0 build
> tsc -b && vite build

[36mvite v7.3.1 [32mbuilding client environment for production...[36m[39m
transforming...
[32mΓ£ô[39m 2208 modules transformed.
node.exe : 
[31mΓ£ù[39m Build 
failed in 2.71s
At line:1 char:1
+ & "C:\Program 
Files\nodejs/node.exe" 
"C:\Program 
Files\nodejs/node_mo 
...
+ ~~~~~~~~~~~~~~~~~~~~~
~~~~~~~~~~~~~~~~~~~~~~~
~~~~~~~~~~~~~~~~~~~~~~~
~~
    + CategoryInfo     
         : NotSpecifi  
  ed: ([31mΓ£ù[39m   
  Build failed in 2    
.71s:String) [], R    
emoteException
    + FullyQualifiedEr 
   rorId : NativeComm  
  andError
 
[31merror during 
build:
[31mCould not resolve 
entry module "react-rou
ter-dom".[31m
    at getRollupError (
file:///C:/WEBSITES/Vid
AudRemover/node_modules
/rollup/dist/es/shared/
parseAst.js:402:41)
    at error (file:///C
:/WEBSITES/VidAudRemove
r/node_modules/rollup/d
ist/es/shared/parseAst.
js:398:42)
    at ModuleLoader.loa
dEntryModule (file:///C
:/WEBSITES/VidAudRemove
r/node_modules/rollup/d
ist/es/shared/node-entr
y.js:21731:20)
    at async 
Promise.all (index 2)
    at async 
Promise.all (index 
0)[39m
